Release 14.7 - xst P.20131013 (nt)
Copyright (c) 1995-2013 Xilinx, Inc.  All rights reserved.
--> Parameter TMPDIR set to xst/projnav.tmp


Total REAL time to Xst completion: 0.00 secs
Total CPU time to Xst completion: 0.11 secs
 
--> Parameter xsthdpdir set to xst


Total REAL time to Xst completion: 0.00 secs
Total CPU time to Xst completion: 0.11 secs
 
--> Reading design: wr_ptr_sync_top_1.prj

TABLE OF CONTENTS
  1) Synthesis Options Summary
  2) HDL Parsing
  3) HDL Elaboration
  4) HDL Synthesis
       4.1) HDL Synthesis Report
  5) Advanced HDL Synthesis
       5.1) Advanced HDL Synthesis Report
  6) Low Level Synthesis
  7) Partition Report
  8) Design Summary
       8.1) Primitive and Black Box Usage
       8.2) Device utilization summary
       8.3) Partition Resource Summary
       8.4) Timing Report
            8.4.1) Clock Information
            8.4.2) Asynchronous Control Signals Information
            8.4.3) Timing Summary
            8.4.4) Timing Details
            8.4.5) Cross Clock Domains Report


=========================================================================
*                      Synthesis Options Summary                        *
=========================================================================
---- Source Parameters
Input File Name                    : "wr_ptr_sync_top_1.prj"
Ignore Synthesis Constraint File   : NO

---- Target Parameters
Output File Name                   : "wr_ptr_sync_top_1"
Output Format                      : NGC
Target Device                      : xc6slx9-3-tqg144

---- Source Options
Top Module Name                    : wr_ptr_sync_top_1
Automatic FSM Extraction           : YES
FSM Encoding Algorithm             : Auto
Safe Implementation                : No
FSM Style                          : LUT
RAM Extraction                     : Yes
RAM Style                          : Auto
ROM Extraction                     : Yes
Shift Register Extraction          : YES
ROM Style                          : Auto
Resource Sharing                   : YES
Asynchronous To Synchronous        : NO
Shift Register Minimum Size        : 2
Use DSP Block                      : Auto
Automatic Register Balancing       : No

---- Target Options
LUT Combining                      : Auto
Reduce Control Sets                : Auto
Add IO Buffers                     : YES
Global Maximum Fanout              : 100000
Add Generic Clock Buffer(BUFG)     : 16
Register Duplication               : YES
Optimize Instantiated Primitives   : NO
Use Clock Enable                   : Auto
Use Synchronous Set                : Auto
Use Synchronous Reset              : Auto
Pack IO Registers into IOBs        : Auto
Equivalent register Removal        : YES

---- General Options
Optimization Goal                  : Speed
Optimization Effort                : 1
Power Reduction                    : NO
Keep Hierarchy                     : No
Netlist Hierarchy                  : As_Optimized
RTL Output                         : Yes
Global Optimization                : AllClockNets
Read Cores                         : YES
Write Timing Constraints           : NO
Cross Clock Analysis               : NO
Hierarchy Separator                : /
Bus Delimiter                      : <>
Case Specifier                     : Maintain
Slice Utilization Ratio            : 100
BRAM Utilization Ratio             : 100
DSP48 Utilization Ratio            : 100
Auto BRAM Packing                  : NO
Slice Utilization Ratio Delta      : 5

=========================================================================


=========================================================================
*                          HDL Parsing                                  *
=========================================================================
Analyzing Verilog file "C:\Users\Student\FIFO_top_1\sync_basic_top_1.v" into library work
Parsing module <sync_basic_top_1>.
Analyzing Verilog file "C:\Users\Student\FIFO_top_1\gray_to_bin_top_1.v" into library work
Parsing module <gray_to_bin_top_1>.
Analyzing Verilog file "C:\Users\Student\FIFO_top_1\bin_to_gray_top_1.v" into library work
Parsing module <bin_to_gray_top_1>.
Analyzing Verilog file "C:\Users\Student\FIFO_top_1\wr_ptr_sync_top_1.v" into library work
Parsing module <wr_ptr_sync_top_1>.

=========================================================================
*                            HDL Elaboration                            *
=========================================================================

Elaborating module <wr_ptr_sync_top_1>.

Elaborating module <bin_to_gray_top_1>.

Elaborating module <sync_basic_top_1>.

Elaborating module <gray_to_bin_top_1>.

=========================================================================
*                           HDL Synthesis                               *
=========================================================================

Synthesizing Unit <wr_ptr_sync_top_1>.
    Related source file is "C:\Users\Student\FIFO_top_1\wr_ptr_sync_top_1.v".
        a_length = 3
    Summary:
	no macro.
Unit <wr_ptr_sync_top_1> synthesized.

Synthesizing Unit <bin_to_gray_top_1>.
    Related source file is "C:\Users\Student\FIFO_top_1\bin_to_gray_top_1.v".
        a_length = 3
    Summary:
Unit <bin_to_gray_top_1> synthesized.

Synthesizing Unit <sync_basic_top_1>.
    Related source file is "C:\Users\Student\FIFO_top_1\sync_basic_top_1.v".
        a_length = 3
    Found 3-bit register for signal <data_out>.
    Found 3-bit register for signal <dff_1>.
    Summary:
	inferred   6 D-type flip-flop(s).
Unit <sync_basic_top_1> synthesized.

Synthesizing Unit <gray_to_bin_top_1>.
    Related source file is "C:\Users\Student\FIFO_top_1\gray_to_bin_top_1.v".
        a_length = 3
    Summary:
Unit <gray_to_bin_top_1> synthesized.

=========================================================================
HDL Synthesis Report

Macro Statistics
# Registers                                            : 2
 3-bit register                                        : 2
# Xors                                                 : 3
 1-bit xor2                                            : 3

=========================================================================

=========================================================================
*                       Advanced HDL Synthesis                          *
=========================================================================


=========================================================================
Advanced HDL Synthesis Report

Macro Statistics
# Registers                                            : 6
 Flip-Flops                                            : 6
# Xors                                                 : 3
 1-bit xor2                                            : 3

=========================================================================

=========================================================================
*                         Low Level Synthesis                           *
=========================================================================

Optimizing unit <wr_ptr_sync_top_1> ...

Mapping all equations...
Building and optimizing final netlist ...
Found area constraint ratio of 100 (+ 5) on block wr_ptr_sync_top_1, actual ratio is 0.

Final Macro Processing ...

=========================================================================
Final Register Report

Macro Statistics
# Registers                                            : 6
 Flip-Flops                                            : 6

=========================================================================

=========================================================================
*                           Partition Report                            *
=========================================================================

Partition Implementation Status
-------------------------------

  No Partitions were found in this design.

-------------------------------

=========================================================================
*                            Design Summary                             *
=========================================================================

Top Level Output File Name         : wr_ptr_sync_top_1.ngc

Primitive and Black Box Usage:
------------------------------
# BELS                             : 4
#      INV                         : 1
#      LUT2                        : 3
# FlipFlops/Latches                : 6
#      FDC                         : 6
# Clock Buffers                    : 1
#      BUFGP                       : 1
# IO Buffers                       : 7
#      IBUF                        : 4
#      OBUF                        : 3

Device utilization summary:
---------------------------

Selected Device : 6slx9tqg144-3 


Slice Logic Utilization: 
 Number of Slice Registers:               6  out of  11440     0%  
 Number of Slice LUTs:                    4  out of   5720     0%  
    Number used as Logic:                 4  out of   5720     0%  

Slice Logic Distribution: 
 Number of LUT Flip Flop pairs used:     10
   Number with an unused Flip Flop:       4  out of     10    40%  
   Number with an unused LUT:             6  out of     10    60%  
   Number of fully used LUT-FF pairs:     0  out of     10     0%  
   Number of unique control sets:         1

IO Utilization: 
 Number of IOs:                           8
 Number of bonded IOBs:                   8  out of    102     7%  

Specific Feature Utilization:
 Number of BUFG/BUFGCTRLs:                1  out of     16     6%  

---------------------------
Partition Resource Summary:
---------------------------

  No Partitions were found in this design.

---------------------------


=========================================================================
Timing Report

NOTE: THESE TIMING NUMBERS ARE ONLY A SYNTHESIS ESTIMATE.
      FOR ACCURATE TIMING INFORMATION PLEASE REFER TO THE TRACE REPORT
      GENERATED AFTER PLACE-and-ROUTE.

Clock Information:
------------------
-----------------------------------+------------------------+-------+
Clock Signal                       | Clock buffer(FF name)  | Load  |
-----------------------------------+------------------------+-------+
rd_clk                             | BUFGP                  | 6     |
-----------------------------------+------------------------+-------+

Asynchronous Control Signals Information:
----------------------------------------
No asynchronous control signals found in this design

Timing Summary:
---------------
Speed Grade: -3

   Minimum period: 1.128ns (Maximum Frequency: 886.643MHz)
   Minimum input arrival time before clock: 3.181ns
   Maximum output required time after clock: 4.484ns
   Maximum combinational path delay: No path found

Timing Details:
---------------
All values displayed in nanoseconds (ns)

=========================================================================
Timing constraint: Default period analysis for Clock 'rd_clk'
  Clock period: 1.128ns (frequency: 886.643MHz)
  Total number of paths / destination ports: 3 / 3
-------------------------------------------------------------------------
Delay:               1.128ns (Levels of Logic = 0)
  Source:            sync_1/dff_1_2 (FF)
  Destination:       sync_1/data_out_2 (FF)
  Source Clock:      rd_clk rising
  Destination Clock: rd_clk rising

  Data Path: sync_1/dff_1_2 to sync_1/data_out_2
                                Gate     Net
    Cell:in->out      fanout   Delay   Delay  Logical Name (Net Name)
    ----------------------------------------  ------------
     FDC:C->Q              1   0.447   0.579  sync_1/dff_1_2 (sync_1/dff_1_2)
     FDC:D                     0.102          sync_1/data_out_2
    ----------------------------------------
    Total                      1.128ns (0.549ns logic, 0.579ns route)
                                       (48.7% logic, 51.3% route)

=========================================================================
Timing constraint: Default OFFSET IN BEFORE for Clock 'rd_clk'
  Total number of paths / destination ports: 11 / 9
-------------------------------------------------------------------------
Offset:              3.181ns (Levels of Logic = 2)
  Source:            reset_n (PAD)
  Destination:       sync_1/data_out_2 (FF)
  Destination Clock: rd_clk rising

  Data Path: reset_n to sync_1/data_out_2
                                Gate     Net
    Cell:in->out      fanout   Delay   Delay  Logical Name (Net Name)
    ----------------------------------------  ------------
     IBUF:I->O             1   1.222   0.579  reset_n_IBUF (reset_n_IBUF)
     INV:I->O              6   0.206   0.744  sync_1/reset_n_inv1_INV_0 (sync_1/reset_n_inv)
     FDC:CLR                   0.430          sync_1/dff_1_0
    ----------------------------------------
    Total                      3.181ns (1.858ns logic, 1.323ns route)
                                       (58.4% logic, 41.6% route)

=========================================================================
Timing constraint: Default OFFSET OUT AFTER for Clock 'rd_clk'
  Total number of paths / destination ports: 4 / 3
-------------------------------------------------------------------------
Offset:              4.484ns (Levels of Logic = 2)
  Source:            sync_1/data_out_0 (FF)
  Destination:       b_wr_ptr_sync<0> (PAD)
  Source Clock:      rd_clk rising

  Data Path: sync_1/data_out_0 to b_wr_ptr_sync<0>
                                Gate     Net
    Cell:in->out      fanout   Delay   Delay  Logical Name (Net Name)
    ----------------------------------------  ------------
     FDC:C->Q              1   0.447   0.684  sync_1/data_out_0 (sync_1/data_out_0)
     LUT2:I0->O            1   0.203   0.579  g2b_1/Mxor_data_out<0>_xo<0>1 (b_wr_ptr_sync_0_OBUF)
     OBUF:I->O                 2.571          b_wr_ptr_sync_0_OBUF (b_wr_ptr_sync<0>)
    ----------------------------------------
    Total                      4.484ns (3.221ns logic, 1.263ns route)
                                       (71.8% logic, 28.2% route)

=========================================================================

Cross Clock Domains Report:
--------------------------

Clock to Setup on destination clock rd_clk
---------------+---------+---------+---------+---------+
               | Src:Rise| Src:Fall| Src:Rise| Src:Fall|
Source Clock   |Dest:Rise|Dest:Rise|Dest:Fall|Dest:Fall|
---------------+---------+---------+---------+---------+
rd_clk         |    1.128|         |         |         |
---------------+---------+---------+---------+---------+

=========================================================================


Total REAL time to Xst completion: 2.00 secs
Total CPU time to Xst completion: 2.75 secs
 
--> 

Total memory usage is 261932 kilobytes

Number of errors   :    0 (   0 filtered)
Number of warnings :    0 (   0 filtered)
Number of infos    :    0 (   0 filtered)

